Copyright 1986-2016 Xilinx, Inc. All Rights Reserved.
--------------------------------------------------------------------------------------------------
| Tool Version      : Vivado v.2016.2 (win64) Build 1577090 Thu Jun  2 16:32:40 MDT 2016
| Date              : Fri Nov 01 00:35:33 2019
| Host              : LAPTOP-J60FD7ST running 64-bit major release  (build 9200)
| Command           : report_clock_utilization -file sccomp_dataflow_clock_utilization_routed.rpt
| Design            : sccomp_dataflow
| Device            : 7a100t-csg324
| Speed File        : -1  PRODUCTION 1.14 2014-09-11
| Temperature Grade : C
--------------------------------------------------------------------------------------------------

Clock Utilization Report

Table of Contents
-----------------
1. Clock Primitive Utilization
2. Global Clock Resources
3. Global Clock Source Details
4. Local Clock Details
5. Clock Regions: Key Resource Utilization
6. Clock Regions : Global Clock Summary
7. Cell Type Counts per Global Clock: Region X0Y1
8. Cell Type Counts per Global Clock: Region X0Y2
9. Load Cell Placement Summary for Global Clock g0
10. Load Cell Placement Summary for Global Clock g1
11. Load Cell Placement Summary for Global Clock g2
12. Load Cell Placement Summary for Global Clock g3
13. Load Cell Placement Summary for Global Clock g4
14. Load Cell Placement Summary for Global Clock g5
15. Load Cell Placement Summary for Global Clock g6
16. Load Cell Placement Summary for Global Clock g7
17. Load Cell Placement Summary for Global Clock g8

1. Clock Primitive Utilization
------------------------------

+----------+------+-----------+-----+--------------+--------+
| Type     | Used | Available | LOC | Clock Region | Pblock |
+----------+------+-----------+-----+--------------+--------+
| BUFGCTRL |    9 |        32 |   0 |            0 |      0 |
| BUFH     |    0 |        96 |   0 |            0 |      0 |
| BUFIO    |    0 |        24 |   0 |            0 |      0 |
| BUFMR    |    0 |        12 |   0 |            0 |      0 |
| BUFR     |    0 |        24 |   0 |            0 |      0 |
| MMCM     |    0 |         6 |   0 |            0 |      0 |
| PLL      |    0 |         6 |   0 |            0 |      0 |
+----------+------+-----------+-----+--------------+--------+


2. Global Clock Resources
-------------------------

+-------+-------+-----------------+------------+----------------+--------------+------+-------------------+---------------+-------------+-----------------+--------------+---------+-------------------------+------------------+
| GlbID | SrcId | Driver Type/Pin | Constraint | Site           | Clock Region | Root | Clock Delay Group | Clock Regions | Clock Loads | Non-Clock Loads | Clock Period | Clock   | Driver Pin              | Net              |
+-------+-------+-----------------+------------+----------------+--------------+------+-------------------+---------------+-------------+-----------------+--------------+---------+-------------------------+------------------+
| g0    | src0  | BUFG/O          | None       | BUFGCTRL_X0Y0  | n/a          |      |                   |             2 |        3212 |               0 |              |         | clk_out_BUFG_inst/O     | clk_out_BUFG     |
| g1    | src1  | BUFG/O          | None       | BUFGCTRL_X0Y16 | n/a          |      |                   |             2 |          87 |               0 |      100.000 | clk_pin | clk_in_IBUF_BUFG_inst/O | clk_in_IBUF_BUFG |
| g2    | src2  | BUFG/O          | None       | BUFGCTRL_X0Y1  | n/a          |      |                   |             2 |          32 |               0 |              |         | n_0_3109_BUFG_inst/O    | n_0_3109_BUFG    |
| g3    | src3  | BUFG/O          | None       | BUFGCTRL_X0Y2  | n/a          |      |                   |             1 |          32 |               0 |              |         | n_1_2376_BUFG_inst/O    | n_1_2376_BUFG    |
| g4    | src4  | BUFG/O          | None       | BUFGCTRL_X0Y3  | n/a          |      |                   |             1 |          32 |               0 |              |         | n_2_3049_BUFG_inst/O    | n_2_3049_BUFG    |
| g5    | src5  | BUFG/O          | None       | BUFGCTRL_X0Y4  | n/a          |      |                   |             1 |          32 |               0 |              |         | n_3_2398_BUFG_inst/O    | n_3_2398_BUFG    |
| g6    | src6  | BUFG/O          | None       | BUFGCTRL_X0Y5  | n/a          |      |                   |             1 |          32 |               0 |              |         | n_4_2399_BUFG_inst/O    | n_4_2399_BUFG    |
| g7    | src7  | BUFG/O          | None       | BUFGCTRL_X0Y6  | n/a          |      |                   |             2 |          32 |               0 |              |         | n_5_2733_BUFG_inst/O    | n_5_2733_BUFG    |
| g8    | src8  | BUFG/O          | None       | BUFGCTRL_X0Y7  | n/a          |      |                   |             1 |          32 |               0 |              |         | n_6_2400_BUFG_inst/O    | n_6_2400_BUFG    |
+-------+-------+-----------------+------------+----------------+--------------+------+-------------------+---------------+-------------+-----------------+--------------+---------+-------------------------+------------------+
* Note: Multiple constraint types applied to the driver. Please check for potential conflicts.


3. Global Clock Source Details
------------------------------

+-------+--------+-----------------+------------+--------------+--------------+-------------+-----------------+---------------------+--------------+----------------------------------------+--------------------------------------+
| SrcID | GlbIDs | Driver Type/Pin | Constraint | Site         | Clock Region | Clock Loads | Non-Clock Loads | Source Clock Period | Source Clock | Driver Pin                             | Net                                  |
+-------+--------+-----------------+------------+--------------+--------------+-------------+-----------------+---------------------+--------------+----------------------------------------+--------------------------------------+
| src0  | g0     | FDCE/Q          | None       | SLICE_X49Y95 | X0Y1         |           0 |               2 |                     |              | div/O_CLK_reg/Q                        | div/clk_out                          |
| src1  | g1     | IBUF/O          | IOB_X1Y126 | IOB_X1Y126   | X1Y2         |           0 |               1 |             100.000 | clk_pin      | clk_in_IBUF_inst/O                     | clk_in_IBUF                          |
| src2  | g2     | LUT4/O          | None       | SLICE_X52Y98 | X1Y1         |           0 |               1 |                     |              | n_0_3109_BUFG_inst_i_1/O               | n_0_3109_BUFG_inst_n_1               |
| src3  | g3     | LUT5/O          | None       | SLICE_X52Y96 | X1Y1         |           0 |               1 |                     |              | n_1_2376_BUFG_inst_i_1/O               | n_1_2376_BUFG_inst_n_2               |
| src4  | g4     | LUT6/O          | None       | SLICE_X52Y98 | X1Y1         |           0 |               1 |                     |              | sccpu/cpu_cp0/n_2_3049_BUFG_inst_i_1/O | sccpu/cpu_cp0/n_2_3049_BUFG_inst_n_3 |
| src5  | g5     | LUT6/O          | None       | SLICE_X52Y96 | X1Y1         |           0 |               1 |                     |              | n_3_2398_BUFG_inst_i_1/O               | n_3_2398_BUFG_inst_n_4               |
| src6  | g6     | LUT6/O          | None       | SLICE_X52Y96 | X1Y1         |           0 |               1 |                     |              | n_4_2399_BUFG_inst_i_1/O               | n_4_2399_BUFG_inst_n_5               |
| src7  | g7     | LUT3/O          | None       | SLICE_X52Y96 | X1Y1         |           0 |               1 |                     |              | n_5_2733_BUFG_inst_i_1/O               | n_5_2733_BUFG_inst_n_6               |
| src8  | g8     | LUT4/O          | None       | SLICE_X52Y98 | X1Y1         |           0 |               1 |                     |              | n_6_2400_BUFG_inst_i_1/O               | n_6_2400_BUFG_inst_n_7               |
+-------+--------+-----------------+------------+--------------+--------------+-------------+-----------------+---------------------+--------------+----------------------------------------+--------------------------------------+
* Note: Multiple constraint types applied to the driver. Please check for potential conflicts.


4. Local Clock Details
----------------------

+-------+-----------------+------------+------------------+--------------+-------------+-----------------+--------------+-------+--------------------+---------------+
| LocId | Driver Type/Pin | Constraint | Site/BEL         | Clock Region | Clock Loads | Non-Clock Loads | Clock Period | Clock | Driver Pin         | Net           |
+-------+-----------------+------------+------------------+--------------+-------------+-----------------+--------------+-------+--------------------+---------------+
| 0     | FDCE/Q          | None       | SLICE_X1Y108/CFF | X0Y2         |           3 |               1 |              |       | seg7/cnt_reg[14]/Q | seg7/seg7_clk |
+-------+-----------------+------------+------------------+--------------+-------------+-----------------+--------------+-------+--------------------+---------------+
* Note: Multiple constraint types applied to the driver. Please check for potential conflicts.


5. Clock Regions: Key Resource Utilization
------------------------------------------

+-------------------+--------------+--------------+--------------+--------------+--------------+--------------+--------------+--------------+--------------+--------------+--------------+--------------+--------------+--------------+--------------+
|                   | Global Clock |     BUFRs    |    BUFMRs    |    BUFIOs    |     MMCM     |      PLL     |      GT      |      PCI     |    ILOGIC    |    OLOGIC    |      FF      |     LUTM     |    RAMB18    |    RAMB36    |    DSP48E2   |
+-------------------+------+-------+------+-------+------+-------+------+-------+------+-------+------+-------+------+-------+------+-------+------+-------+------+-------+------+-------+------+-------+------+-------+------+-------+------+-------+
| Clock Region Name | Used | Avail | Used | Avail | Used | Avail | Used | Avail | Used | Avail | Used | Avail | Used | Avail | Used | Avail | Used | Avail | Used | Avail | Used | Avail | Used | Avail | Used | Avail | Used | Avail | Used | Avail |
+-------------------+------+-------+------+-------+------+-------+------+-------+------+-------+------+-------+------+-------+------+-------+------+-------+------+-------+------+-------+------+-------+------+-------+------+-------+------+-------+
| X0Y0              |    0 |    12 |    0 |     4 |    0 |     2 |    0 |     4 |    0 |     1 |    0 |     1 |    0 |     0 |    0 |     0 |    0 |    50 |    0 |    50 |    0 | 20800 |    0 |  2400 |    0 |     0 |    0 |    10 |    0 |    20 |
| X1Y0              |    0 |    12 |    0 |     0 |    0 |     0 |    0 |     0 |    0 |     0 |    0 |     0 |    0 |     5 |    0 |     0 |    0 |     0 |    0 |     0 |    0 | 12000 |    0 |  2200 |    0 |     0 |    0 |    20 |    0 |    40 |
| X0Y1              |    4 |    12 |    0 |     4 |    0 |     2 |    0 |     4 |    0 |     1 |    0 |     1 |    0 |     0 |    0 |     0 |    0 |    50 |    0 |    50 |  137 | 16000 |  104 |  2400 |    0 |     0 |    0 |    10 |    0 |    20 |
| X1Y1              |    0 |    12 |    0 |     4 |    0 |     2 |    0 |     4 |    0 |     1 |    0 |     1 |    0 |     0 |    0 |     0 |    0 |    50 |    0 |    50 |    0 | 15200 |    0 |  2600 |    0 |     0 |    0 |    30 |    0 |    40 |
| X0Y2              |    9 |    12 |    0 |     4 |    0 |     2 |    0 |     4 |    0 |     1 |    0 |     1 |    0 |     0 |    0 |     0 |    0 |    50 |    0 |    50 | 1930 | 16000 |  161 |  2400 |    0 |     0 |    0 |    10 |    0 |    20 |
| X1Y2              |    0 |    12 |    0 |     4 |    0 |     2 |    0 |     4 |    0 |     1 |    0 |     1 |    0 |     0 |    0 |     0 |    0 |    50 |    0 |    50 |    0 | 15200 |    0 |  2600 |    0 |     0 |    0 |    30 |    0 |    40 |
| X0Y3              |    0 |    12 |    0 |     4 |    0 |     2 |    0 |     4 |    0 |     1 |    0 |     1 |    0 |     0 |    0 |     0 |    0 |    50 |    0 |    50 |    0 | 20800 |    0 |  2400 |    0 |     0 |    0 |    10 |    0 |    20 |
| X1Y3              |    0 |    12 |    0 |     0 |    0 |     0 |    0 |     0 |    0 |     0 |    0 |     0 |    0 |     5 |    0 |     0 |    0 |     0 |    0 |     0 |    0 | 10800 |    0 |  2000 |    0 |     0 |    0 |    15 |    0 |    40 |
+-------------------+------+-------+------+-------+------+-------+------+-------+------+-------+------+-------+------+-------+------+-------+------+-------+------+-------+------+-------+------+-------+------+-------+------+-------+------+-------+
* Used Global Clocks includes only global clock resources based on load placement but does not consider global clock resources used to traverse a clock region. Therefore the actual total of Used Global Clocks may be higher.
** RAMB36 site can be used as two RAMB18/FIFO18 sites.


6. Clock Regions : Global Clock Summary
---------------------------------------

+----+----+----+
|    | X0 | X1 |
+----+----+----+
| Y3 |  0 |  0 |
| Y2 |  9 |  0 |
| Y1 |  4 |  0 |
| Y0 |  0 |  0 |
+----+----+----+
* Used Global Clocks includes only global clock resources based on load placement but does not consider global clock resources used to traverse a clock region. Therefore the actual total of Used Global Clocks may be higher.


7. Cell Type Counts per Global Clock: Region X0Y1
-------------------------------------------------

+-------+-------+-----------------+------------+-------------+-----------------+-----+--------+------+-----+----+------+-----+---------+------------------+
| GlbID | Track | Driver Type/Pin | Constraint | Clock Loads | Non-Clock Loads | FF  | LUTRAM | RAMB | DSP | GT | MMCM | PLL | Hard IP | Net              |
+-------+-------+-----------------+------------+-------------+-----------------+-----+--------+------+-----+----+------+-----+---------+------------------+
| g0    | n/a   | BUFG/O          | None       |           0 |             114 | 114 |    103 |    0 |   0 |  0 |    0 |   0 |       0 | clk_out_BUFG     |
| g1    | n/a   | BUFG/O          | None       |           0 |              11 |  11 |      1 |    0 |   0 |  0 |    0 |   0 |       0 | clk_in_IBUF_BUFG |
| g2    | n/a   | BUFG/O          | None       |           0 |               5 |   5 |      0 |    0 |   0 |  0 |    0 |   0 |       0 | n_0_3109_BUFG    |
| g7    | n/a   | BUFG/O          | None       |           0 |               7 |   7 |      0 |    0 |   0 |  0 |    0 |   0 |       0 | n_5_2733_BUFG    |
+-------+-------+-----------------+------------+-------------+-----------------+-----+--------+------+-----+----+------+-----+---------+------------------+
* Note: Multiple constraint types applied to the driver. Please check for potential conflicts.


8. Cell Type Counts per Global Clock: Region X0Y2
-------------------------------------------------

+-------+-------+-----------------+------------+-------------+-----------------+------+--------+------+-----+----+------+-----+---------+------------------+
| GlbID | Track | Driver Type/Pin | Constraint | Clock Loads | Non-Clock Loads | FF   | LUTRAM | RAMB | DSP | GT | MMCM | PLL | Hard IP | Net              |
+-------+-------+-----------------+------------+-------------+-----------------+------+--------+------+-----+----+------+-----+---------+------------------+
| g0    | n/a   | BUFG/O          | None       |           0 |            1690 | 1690 |    158 |    0 |   0 |  0 |    0 |   0 |       0 | clk_out_BUFG     |
| g1    | n/a   | BUFG/O          | None       |           0 |              54 |   54 |      0 |    0 |   0 |  0 |    0 |   0 |       0 | clk_in_IBUF_BUFG |
| g2    | n/a   | BUFG/O          | None       |           0 |              27 |   27 |      0 |    0 |   0 |  0 |    0 |   0 |       0 | n_0_3109_BUFG    |
| g3    | n/a   | BUFG/O          | None       |           0 |              32 |   32 |      0 |    0 |   0 |  0 |    0 |   0 |       0 | n_1_2376_BUFG    |
| g4    | n/a   | BUFG/O          | None       |           0 |              32 |   32 |      0 |    0 |   0 |  0 |    0 |   0 |       0 | n_2_3049_BUFG    |
| g5    | n/a   | BUFG/O          | None       |           0 |              25 |   25 |      1 |    0 |   0 |  0 |    0 |   0 |       0 | n_3_2398_BUFG    |
| g6    | n/a   | BUFG/O          | None       |           0 |              26 |   26 |      1 |    0 |   0 |  0 |    0 |   0 |       0 | n_4_2399_BUFG    |
| g7    | n/a   | BUFG/O          | None       |           0 |              20 |   20 |      1 |    0 |   0 |  0 |    0 |   0 |       0 | n_5_2733_BUFG    |
| g8    | n/a   | BUFG/O          | None       |           0 |              21 |   21 |      1 |    0 |   0 |  0 |    0 |   0 |       0 | n_6_2400_BUFG    |
+-------+-------+-----------------+------------+-------------+-----------------+------+--------+------+-----+----+------+-----+---------+------------------+
* Note: Multiple constraint types applied to the driver. Please check for potential conflicts.


9. Load Cell Placement Summary for Global Clock g0
--------------------------------------------------

+-------+-----------------+-------------------+-------+-------------+---------------+----------+-------------+----------+-------------+----+--------------+
| GlbID | Driver Type/Pin | Driver Region (D) | Clock | Period (ns) | Waveform (ns) | Root (R) | Slice Loads | IO Loads | Clock Loads | GT | Net          |
+-------+-----------------+-------------------+-------+-------------+---------------+----------+-------------+----------+-------------+----+--------------+
| g0    | BUFG/O          | n/a               |       |             |               |          |        1804 |        0 |           0 |  0 | clk_out_BUFG |
+-------+-----------------+-------------------+-------+-------------+---------------+----------+-------------+----------+-------------+----+--------------+


+----+-------+----+
|    | X0    | X1 |
+----+-------+----+
| Y3 |     0 |  0 |
| Y2 |  1690 |  0 |
| Y1 |   114 |  0 |
| Y0 |     0 |  0 |
+----+-------+----+


10. Load Cell Placement Summary for Global Clock g1
---------------------------------------------------

+-------+-----------------+-------------------+---------+-------------+----------------+----------+-------------+----------+-------------+----+------------------+
| GlbID | Driver Type/Pin | Driver Region (D) | Clock   | Period (ns) | Waveform (ns)  | Root (R) | Slice Loads | IO Loads | Clock Loads | GT | Net              |
+-------+-----------------+-------------------+---------+-------------+----------------+----------+-------------+----------+-------------+----+------------------+
| g1    | BUFG/O          | n/a               | clk_pin |     100.000 | {0.000 50.000} |          |          65 |        0 |           0 |  0 | clk_in_IBUF_BUFG |
+-------+-----------------+-------------------+---------+-------------+----------------+----------+-------------+----------+-------------+----+------------------+


+----+-----+----+
|    | X0  | X1 |
+----+-----+----+
| Y3 |   0 |  0 |
| Y2 |  54 |  0 |
| Y1 |  11 |  0 |
| Y0 |   0 |  0 |
+----+-----+----+


11. Load Cell Placement Summary for Global Clock g2
---------------------------------------------------

+-------+-----------------+-------------------+-------+-------------+---------------+----------+-------------+----------+-------------+----+---------------+
| GlbID | Driver Type/Pin | Driver Region (D) | Clock | Period (ns) | Waveform (ns) | Root (R) | Slice Loads | IO Loads | Clock Loads | GT | Net           |
+-------+-----------------+-------------------+-------+-------------+---------------+----------+-------------+----------+-------------+----+---------------+
| g2    | BUFG/O          | n/a               |       |             |               |          |          32 |        0 |           0 |  0 | n_0_3109_BUFG |
+-------+-----------------+-------------------+-------+-------------+---------------+----------+-------------+----------+-------------+----+---------------+


+----+-----+----+
|    | X0  | X1 |
+----+-----+----+
| Y3 |   0 |  0 |
| Y2 |  27 |  0 |
| Y1 |   5 |  0 |
| Y0 |   0 |  0 |
+----+-----+----+


12. Load Cell Placement Summary for Global Clock g3
---------------------------------------------------

+-------+-----------------+-------------------+-------+-------------+---------------+----------+-------------+----------+-------------+----+---------------+
| GlbID | Driver Type/Pin | Driver Region (D) | Clock | Period (ns) | Waveform (ns) | Root (R) | Slice Loads | IO Loads | Clock Loads | GT | Net           |
+-------+-----------------+-------------------+-------+-------------+---------------+----------+-------------+----------+-------------+----+---------------+
| g3    | BUFG/O          | n/a               |       |             |               |          |          32 |        0 |           0 |  0 | n_1_2376_BUFG |
+-------+-----------------+-------------------+-------+-------------+---------------+----------+-------------+----------+-------------+----+---------------+


+----+-----+----+
|    | X0  | X1 |
+----+-----+----+
| Y3 |   0 |  0 |
| Y2 |  32 |  0 |
| Y1 |   0 |  0 |
| Y0 |   0 |  0 |
+----+-----+----+


13. Load Cell Placement Summary for Global Clock g4
---------------------------------------------------

+-------+-----------------+-------------------+-------+-------------+---------------+----------+-------------+----------+-------------+----+---------------+
| GlbID | Driver Type/Pin | Driver Region (D) | Clock | Period (ns) | Waveform (ns) | Root (R) | Slice Loads | IO Loads | Clock Loads | GT | Net           |
+-------+-----------------+-------------------+-------+-------------+---------------+----------+-------------+----------+-------------+----+---------------+
| g4    | BUFG/O          | n/a               |       |             |               |          |          32 |        0 |           0 |  0 | n_2_3049_BUFG |
+-------+-----------------+-------------------+-------+-------------+---------------+----------+-------------+----------+-------------+----+---------------+


+----+-----+----+
|    | X0  | X1 |
+----+-----+----+
| Y3 |   0 |  0 |
| Y2 |  32 |  0 |
| Y1 |   0 |  0 |
| Y0 |   0 |  0 |
+----+-----+----+


14. Load Cell Placement Summary for Global Clock g5
---------------------------------------------------

+-------+-----------------+-------------------+-------+-------------+---------------+----------+-------------+----------+-------------+----+---------------+
| GlbID | Driver Type/Pin | Driver Region (D) | Clock | Period (ns) | Waveform (ns) | Root (R) | Slice Loads | IO Loads | Clock Loads | GT | Net           |
+-------+-----------------+-------------------+-------+-------------+---------------+----------+-------------+----------+-------------+----+---------------+
| g5    | BUFG/O          | n/a               |       |             |               |          |          25 |        0 |           0 |  0 | n_3_2398_BUFG |
+-------+-----------------+-------------------+-------+-------------+---------------+----------+-------------+----------+-------------+----+---------------+


+----+-----+----+
|    | X0  | X1 |
+----+-----+----+
| Y3 |   0 |  0 |
| Y2 |  25 |  0 |
| Y1 |   0 |  0 |
| Y0 |   0 |  0 |
+----+-----+----+


15. Load Cell Placement Summary for Global Clock g6
---------------------------------------------------

+-------+-----------------+-------------------+-------+-------------+---------------+----------+-------------+----------+-------------+----+---------------+
| GlbID | Driver Type/Pin | Driver Region (D) | Clock | Period (ns) | Waveform (ns) | Root (R) | Slice Loads | IO Loads | Clock Loads | GT | Net           |
+-------+-----------------+-------------------+-------+-------------+---------------+----------+-------------+----------+-------------+----+---------------+
| g6    | BUFG/O          | n/a               |       |             |               |          |          26 |        0 |           0 |  0 | n_4_2399_BUFG |
+-------+-----------------+-------------------+-------+-------------+---------------+----------+-------------+----------+-------------+----+---------------+


+----+-----+----+
|    | X0  | X1 |
+----+-----+----+
| Y3 |   0 |  0 |
| Y2 |  26 |  0 |
| Y1 |   0 |  0 |
| Y0 |   0 |  0 |
+----+-----+----+


16. Load Cell Placement Summary for Global Clock g7
---------------------------------------------------

+-------+-----------------+-------------------+-------+-------------+---------------+----------+-------------+----------+-------------+----+---------------+
| GlbID | Driver Type/Pin | Driver Region (D) | Clock | Period (ns) | Waveform (ns) | Root (R) | Slice Loads | IO Loads | Clock Loads | GT | Net           |
+-------+-----------------+-------------------+-------+-------------+---------------+----------+-------------+----------+-------------+----+---------------+
| g7    | BUFG/O          | n/a               |       |             |               |          |          27 |        0 |           0 |  0 | n_5_2733_BUFG |
+-------+-----------------+-------------------+-------+-------------+---------------+----------+-------------+----------+-------------+----+---------------+


+----+-----+----+
|    | X0  | X1 |
+----+-----+----+
| Y3 |   0 |  0 |
| Y2 |  20 |  0 |
| Y1 |   7 |  0 |
| Y0 |   0 |  0 |
+----+-----+----+


17. Load Cell Placement Summary for Global Clock g8
---------------------------------------------------

+-------+-----------------+-------------------+-------+-------------+---------------+----------+-------------+----------+-------------+----+---------------+
| GlbID | Driver Type/Pin | Driver Region (D) | Clock | Period (ns) | Waveform (ns) | Root (R) | Slice Loads | IO Loads | Clock Loads | GT | Net           |
+-------+-----------------+-------------------+-------+-------------+---------------+----------+-------------+----------+-------------+----+---------------+
| g8    | BUFG/O          | n/a               |       |             |               |          |          21 |        0 |           0 |  0 | n_6_2400_BUFG |
+-------+-----------------+-------------------+-------+-------------+---------------+----------+-------------+----------+-------------+----+---------------+


+----+-----+----+
|    | X0  | X1 |
+----+-----+----+
| Y3 |   0 |  0 |
| Y2 |  21 |  0 |
| Y1 |   0 |  0 |
| Y0 |   0 |  0 |
+----+-----+----+



# Location of BUFG Primitives 
set_property LOC BUFGCTRL_X0Y7 [get_cells n_6_2400_BUFG_inst]
set_property LOC BUFGCTRL_X0Y6 [get_cells n_5_2733_BUFG_inst]
set_property LOC BUFGCTRL_X0Y5 [get_cells n_4_2399_BUFG_inst]
set_property LOC BUFGCTRL_X0Y4 [get_cells n_3_2398_BUFG_inst]
set_property LOC BUFGCTRL_X0Y3 [get_cells n_2_3049_BUFG_inst]
set_property LOC BUFGCTRL_X0Y2 [get_cells n_1_2376_BUFG_inst]
set_property LOC BUFGCTRL_X0Y1 [get_cells n_0_3109_BUFG_inst]
set_property LOC BUFGCTRL_X0Y0 [get_cells clk_out_BUFG_inst]
set_property LOC BUFGCTRL_X0Y16 [get_cells clk_in_IBUF_BUFG_inst]

# Location of IO Primitives which is load of clock spine

# Location of clock ports
set_property LOC IOB_X1Y126 [get_ports clk_in]

# Clock net "n_6_2400_BUFG" driven by instance "n_6_2400_BUFG_inst" located at site "BUFGCTRL_X0Y7"
#startgroup
create_pblock {CLKAG_n_6_2400_BUFG}
add_cells_to_pblock [get_pblocks  {CLKAG_n_6_2400_BUFG}] [get_cells -filter { PRIMITIVE_GROUP != I/O && IS_PRIMITIVE==1 && PRIMITIVE_LEVEL !=INTERNAL } -of_object [get_pins -filter {DIRECTION==IN} -of_objects [get_nets -hierarchical -filter {PARENT=="n_6_2400_BUFG"}]]]
resize_pblock [get_pblocks {CLKAG_n_6_2400_BUFG}] -add {CLOCKREGION_X0Y2:CLOCKREGION_X0Y2}
#endgroup

# Clock net "n_5_2733_BUFG" driven by instance "n_5_2733_BUFG_inst" located at site "BUFGCTRL_X0Y6"
#startgroup
create_pblock {CLKAG_n_5_2733_BUFG}
add_cells_to_pblock [get_pblocks  {CLKAG_n_5_2733_BUFG}] [get_cells -filter { PRIMITIVE_GROUP != I/O && IS_PRIMITIVE==1 && PRIMITIVE_LEVEL !=INTERNAL } -of_object [get_pins -filter {DIRECTION==IN} -of_objects [get_nets -hierarchical -filter {PARENT=="n_5_2733_BUFG"}]]]
resize_pblock [get_pblocks {CLKAG_n_5_2733_BUFG}] -add {CLOCKREGION_X0Y1:CLOCKREGION_X0Y1 CLOCKREGION_X0Y2:CLOCKREGION_X0Y2}
#endgroup

# Clock net "n_4_2399_BUFG" driven by instance "n_4_2399_BUFG_inst" located at site "BUFGCTRL_X0Y5"
#startgroup
create_pblock {CLKAG_n_4_2399_BUFG}
add_cells_to_pblock [get_pblocks  {CLKAG_n_4_2399_BUFG}] [get_cells -filter { PRIMITIVE_GROUP != I/O && IS_PRIMITIVE==1 && PRIMITIVE_LEVEL !=INTERNAL } -of_object [get_pins -filter {DIRECTION==IN} -of_objects [get_nets -hierarchical -filter {PARENT=="n_4_2399_BUFG"}]]]
resize_pblock [get_pblocks {CLKAG_n_4_2399_BUFG}] -add {CLOCKREGION_X0Y2:CLOCKREGION_X0Y2}
#endgroup

# Clock net "n_3_2398_BUFG" driven by instance "n_3_2398_BUFG_inst" located at site "BUFGCTRL_X0Y4"
#startgroup
create_pblock {CLKAG_n_3_2398_BUFG}
add_cells_to_pblock [get_pblocks  {CLKAG_n_3_2398_BUFG}] [get_cells -filter { PRIMITIVE_GROUP != I/O && IS_PRIMITIVE==1 && PRIMITIVE_LEVEL !=INTERNAL } -of_object [get_pins -filter {DIRECTION==IN} -of_objects [get_nets -hierarchical -filter {PARENT=="n_3_2398_BUFG"}]]]
resize_pblock [get_pblocks {CLKAG_n_3_2398_BUFG}] -add {CLOCKREGION_X0Y2:CLOCKREGION_X0Y2}
#endgroup

# Clock net "n_2_3049_BUFG" driven by instance "n_2_3049_BUFG_inst" located at site "BUFGCTRL_X0Y3"
#startgroup
create_pblock {CLKAG_n_2_3049_BUFG}
add_cells_to_pblock [get_pblocks  {CLKAG_n_2_3049_BUFG}] [get_cells -filter { PRIMITIVE_GROUP != I/O && IS_PRIMITIVE==1 && PRIMITIVE_LEVEL !=INTERNAL } -of_object [get_pins -filter {DIRECTION==IN} -of_objects [get_nets -hierarchical -filter {PARENT=="n_2_3049_BUFG"}]]]
resize_pblock [get_pblocks {CLKAG_n_2_3049_BUFG}] -add {CLOCKREGION_X0Y2:CLOCKREGION_X0Y2}
#endgroup

# Clock net "n_1_2376_BUFG" driven by instance "n_1_2376_BUFG_inst" located at site "BUFGCTRL_X0Y2"
#startgroup
create_pblock {CLKAG_n_1_2376_BUFG}
add_cells_to_pblock [get_pblocks  {CLKAG_n_1_2376_BUFG}] [get_cells -filter { PRIMITIVE_GROUP != I/O && IS_PRIMITIVE==1 && PRIMITIVE_LEVEL !=INTERNAL } -of_object [get_pins -filter {DIRECTION==IN} -of_objects [get_nets -hierarchical -filter {PARENT=="n_1_2376_BUFG"}]]]
resize_pblock [get_pblocks {CLKAG_n_1_2376_BUFG}] -add {CLOCKREGION_X0Y2:CLOCKREGION_X0Y2}
#endgroup

# Clock net "n_0_3109_BUFG" driven by instance "n_0_3109_BUFG_inst" located at site "BUFGCTRL_X0Y1"
#startgroup
create_pblock {CLKAG_n_0_3109_BUFG}
add_cells_to_pblock [get_pblocks  {CLKAG_n_0_3109_BUFG}] [get_cells -filter { PRIMITIVE_GROUP != I/O && IS_PRIMITIVE==1 && PRIMITIVE_LEVEL !=INTERNAL } -of_object [get_pins -filter {DIRECTION==IN} -of_objects [get_nets -hierarchical -filter {PARENT=="n_0_3109_BUFG"}]]]
resize_pblock [get_pblocks {CLKAG_n_0_3109_BUFG}] -add {CLOCKREGION_X0Y1:CLOCKREGION_X0Y1 CLOCKREGION_X0Y2:CLOCKREGION_X0Y2}
#endgroup

# Clock net "clk_out_BUFG" driven by instance "clk_out_BUFG_inst" located at site "BUFGCTRL_X0Y0"
#startgroup
create_pblock {CLKAG_clk_out_BUFG}
add_cells_to_pblock [get_pblocks  {CLKAG_clk_out_BUFG}] [get_cells -filter { PRIMITIVE_GROUP != I/O && IS_PRIMITIVE==1 && PRIMITIVE_LEVEL !=INTERNAL } -of_object [get_pins -filter {DIRECTION==IN} -of_objects [get_nets -hierarchical -filter {PARENT=="clk_out_BUFG"}]]]
resize_pblock [get_pblocks {CLKAG_clk_out_BUFG}] -add {CLOCKREGION_X0Y1:CLOCKREGION_X0Y1 CLOCKREGION_X0Y2:CLOCKREGION_X0Y2}
#endgroup

# Clock net "clk_in_IBUF_BUFG" driven by instance "clk_in_IBUF_BUFG_inst" located at site "BUFGCTRL_X0Y16"
#startgroup
create_pblock {CLKAG_clk_in_IBUF_BUFG}
add_cells_to_pblock [get_pblocks  {CLKAG_clk_in_IBUF_BUFG}] [get_cells -filter { PRIMITIVE_GROUP != I/O && IS_PRIMITIVE==1 && PRIMITIVE_LEVEL !=INTERNAL } -of_object [get_pins -filter {DIRECTION==IN} -of_objects [get_nets -hierarchical -filter {PARENT=="clk_in_IBUF_BUFG"}]]]
resize_pblock [get_pblocks {CLKAG_clk_in_IBUF_BUFG}] -add {CLOCKREGION_X0Y1:CLOCKREGION_X0Y1 CLOCKREGION_X0Y2:CLOCKREGION_X0Y2}
#endgroup
